        ### ####                             ###                
     ####.###..#                             #.##     ######    
     #.......#.#                            ###.##    #....#    
     ###.####.#####                      ####....######..###    
      #...........####   #################...........##..##     
    ###....#.........#####............#........##.....)...##    
    #.....#................##########.......#####...#......#    
   ##....##.............####        ###...###   #...##.....##   
  ##.#...##........#..###             ##...#    #...##...#..##  
 ##.##∩..##.......⌠...#                ##..##  ##..####..##..#  
 #.###..###)..........##################....####...#  #..#####  
 #####..# #.................................##.....#  #...#     
    #...# #...........................##...........#  ##..#     
    #..## #..###....#######.........#######........#   #..#     
    #..#  #..# ###.##     #.........#     ##.......#   #..#     
   ##..#  #..#  #..###    #.........#    ###⌠..⌠...#   #..#     
   #...#  #..####....###  #.........#  ###.........#   #..#     
  ##...#  #...#...##...####.........####...###.....#   #.^#     
 ##....# ##.....######...#...#####..##...### ##....### #..#     
##.....###......#    ###.....#####.....###    #..#..[###..#     
#.......#...##..#      ##.............##     ##.###...##..#     
#.........#####.##     ###.........#..#      #..# ###..#..##    
##.......##   #..##   ##.....#####.#..##    ##.##   ##.....##   
 ###.....#    ##..#####.....### #.##...######..#     #......#   
   #....##     ##..⌠..^.###⌠#.###.#...........##     ##.....##  
   ##...#      #.............#.#.#....[.......#       #......#  
    ################▓▓▓▓########.########▓▓▓▓################▓  
   **,.............##   #...............#   ##..............##  
  **,,^.............##  ##.............##  ##.^.....^........## 
 **,,...............?##  #......^.^....#  ##..................##
 *,,.................^#  ##...........##  #.....)............!.#
 *.........^..........#   #...........#   #...).....^......^...#
 *....................#  ##...........##  #....................#
 *....................#  #.............#  #....................#
 *.................§..# ##.......^.....## #....................#
 *..........p......8..###...............###....................#
 *#...^...^......2y3q###...###########...###.^.^..............##
  *#......§...W..3LX##....##         ##....##........).......## 
   *#...........y2L)W^..###           ###.............).^...##  
    ▓▓..§.8##▓▓▓▓▓▓▓▓▓▓▓#               #▓▓▓▓▓▓▓▓▓▓▓##^.)..▓▓   
   *▓......p....^...▓▓▓▓                 ▓▓▓▓...............▓▓  
  *▓..........^......^)▓**             ##▓..^................▓▓ 
 *▓................))☼○○.#*           ##...............^......▓▓
 *..................○○.○..# ▓▓▓▓▓▓▓▓▓ #....^...................▓
 *..........(........○○☼.^▓▓▓.^.....▓▓▓........^...............▓
 *▓..................○..°.▓▓.........▓▓.......................▓▓
  **,,,,,,,,..............▓......)....▓......................▓▓ 
   **,,,,,,,.....$...^......................................▓▓  
  **,,,,,,,,,.............▓.....^^..^.▓......................▓▓ 
 **,,,,,,,,,,,,,,,,,,,,,,,▓▓.........▓▓.............^.........▓▓
 *,,,,,^,,,,,,,,,,,,,,,,,,*▓▓.......▓▓▓......................^.▓
 *,,,,,,,,,,,,,,,,,,,,,,^,* ▓▓▓▓▓▓▓▓▓ ▓......(................^▓
 **,,,,,,,,,,,,,,,,,,,,,,**           ▓▓......(...............▓▓
  **,,,,,^,,,,,,,,,^,,,***             ▓▓▓...................▓▓ 
   ****,,,,,,,,,,,,,****                 ▓▓▓▓...........^.▓▓▓▓  
      ***************                       ▓▓▓▓▓▓▓▓▓▓▓▓▓▓▓     
