#####                                                                    
#...#                                                                    
#.#.#                                                      ###           
#.#.#           #####                                      #.########    
#.#.#     ######P≈P.#                                      #........#    
#.#.##  ###....≈≈P≈P#                                      #.######.#    
#.#..####...≈≈PPPP≈P#                                      #.#  #...#    
#.##.##...P..P≈♣≈≈P.#                                      #.#  #.###    
#.##.....P[P♣≈≈≈P≈P#                        ######         #.#  #.#      
#.###P.PP≈≈♣≈≈≈PP..#                    #####....#         #.#  #.#      
#.##≈≈P≈≈≈♣PPP..)#.#                    #...'....#         #.#  #.#      
#.##≈P≈≈≈≈♣P≈.##.#.#                    #.###....#         #.#  #.#      
#.##P≈≈♣♣♣PP≈.##.#.#               ######......#.#         #.####.##     
#.##PP≈≈≈≈♣PPP#..#.#               #.(.........#.# #########.......######
#.##PPP≈♣≈≈≈PP≈.##.#         ##### #.####......#(# #.......######.......#
#.###P≈PP≈♣≈♣≈≈.PPP##        #...###....#.####.#'###.#####.#    ##.###.##
#.#    P≈P≈≈♣≈≈≈≈≈PP#        #......###.#.#  #..(....#   #.#     #.# #.# 
#.#    #.≈PPPP≈P♣≈≈P#   ######..#.#........  #.......#   #.#     #.# #.# 
#.#    #.##≈PPPP≈PP≈#   #....#..#.#.###.### ##.......#   #.#     #.# #.# 
#.######.##.###....##   #....#..#(#.# #.#   #....(...#   #†#     #.# #.# 
#.............#..###    #....#..#.#.# #.#####........#   #.#     #.# #.# 
######......#)#.##      #....#..#.#.# #.<...+........#   #.#     #.# #.# 
     #....).#.#.#########....#†.."..###.#####........#   #.#######.###.# 
     #.....##..................÷..............>......#####..†..........# 
     ########>..................).....#.####.######.......########.##### 
          #.......###########..........................................# 
          #.......#         #.#######.#......######.......########.###.# 
          #.......###       #.#     #........#    #.......'......#.# #.# 
          #.........######  #.#     ##.......#    #.......######.#.###.# 
          #.......#......####.###    #.......#    #.......#    #.#.....# 
          #.......................#####.####.#    #.......#    #.####### 
          #####+#......≈≈≈≈≈............## #.#    #####.###    #.#       
              #.#....≈≈≈≈≈≈≈≈≈...........# #.#        #.#      #.#       
              #.#..≈≈≈≈≈≈≈≈≈≈≈≈≈.........###.##########.#      #.#       
              #...≈≈≈≈≈≈...≈≈≈≈≈≈........##..†..........########.#       
              ###.≈≈≈≈≈≈.>.≈≈≈≈≈≈.#####...#..#...######..........#       
                #.≈≈≈≈≈≈...≈≈≈≈≈≈.#####.#.#).#...##...†.....†...##       
                #.≈≈≈≈≈≈≈.≈≈≈≈≈≈≈.......#.#..######.....#######.#        
                #..≈≈≈≈≈≈.≈≈≈≈≈≈........#.#..######.....#     #.#        
                #....≈≈≈≈.≈≈≈≈..........#....##.........#     #.#        
                #......≈≈.≈≈............##...##.........#     #.#        
                #.......................##...##.........#     #.#        
                ##.#####...)...########.##...##.........#     #.#        
                 #............##      #.##...##......####     #.#        
                 ##############       #.##...#########        #.#        
                                      #.###..#                           
                          ### #########......#                           
                          #.###......######..#                           
                          #...'......'..)....#                           
                      #####.###......######.>#                           
                      #.........######    #..#                           
                      #.###.###.######    #..#######                     
                      #...#.#..........   #........#                     
                      #...#.#†#.#######   #........#                     
                      #...#.#)#.#         #........###                   
                      #...#.#.#.#         #...<.......                   
                      #.......#.#         #........###                   
                 ######...#.....#         #.)......#                     
                 ........########  ########........#                     
                 ...............   ................#                     
                 ........##################.########                     
                 ...........................#                            
                 ############################                            
